// Jest Snapshot v1, https://goo.gl/fbAQLP

exports[`test in <MultipleCustomHooks/> should be display correctly 1`] = `
<div>
  <h1>
    Breaking Quotes
  </h1>
  <hr />
  <div
    className="alert alert-info"
  >
    Loading...
  </div>
  <button
    className="btn btn-primary"
    onClick={[Function]}
  >
    Next quote
  </button>
</div>
`;
