// Jest Snapshot v1, https://goo.gl/fbAQLP

exports[`test in <HookApp /> should be display <HookApp /> correctly 1`] = `
<div>
  <h1>
    Hola Mundo
  </h1>
</div>
`;
