// Jest Snapshot v1, https://goo.gl/fbAQLP

exports[`Test in <AppRouter /> should be display correctly 1`] = `
<div>
  <nav
    className="navbar navbar-expand-sm navbar-dark bg-dark"
  >
    <a
      className="navbar-brand"
      href="/"
      onClick={[Function]}
    >
      Navbar
    </a>
    <div
      className="collapse navbar-collapse"
      id="navbarNavAltMarkup"
    >
      <div
        className="navbar-nav"
      >
        <a
          activeclassname="active"
          aria-current="page"
          className="nav-item nav-link active"
          exact="true"
          href="/"
          onClick={[Function]}
        >
          Home
        </a>
        <a
          activeclassname="active"
          className="nav-item nav-link"
          exact="true"
          href="/about"
          onClick={[Function]}
        >
          About
        </a>
        <a
          activeclassname="active"
          className="nav-item nav-link"
          exact="true"
          href="/login"
          onClick={[Function]}
        >
          Login
        </a>
      </div>
    </div>
  </nav>
  <div
    className="container"
  >
    <div>
      <h1>
        Home Screen
      </h1>
      <hr />
      <pre />
    </div>
  </div>
</div>
`;
